// Jest Snapshot v1, https://goo.gl/fbAQLP

exports[`<MainMenu /> renders correctly 1`] = `
<ul
  className="MainMenu"
>
  <DragSource(MenuItem)
    name="Section 1"
    onClickMenuItem={[Function]}
  />
  <DragSource(MenuItem)
    name="Section 2"
    onClickMenuItem={[Function]}
  />
  <DragSource(MenuItem)
    name="Section 3"
    onClickMenuItem={[Function]}
  />
</ul>
`;
